HELLO*THIS*IS*A*TEST*CASE*FOR*YOU
YOU*SHOULD*BE*ABLE*TO*GET*THIS*

