THIS*LINE*HAS*1000000*CHARACTERS
THIS*IS*THE*END*OF*THE*1000000*CHARACTER*LINE
