THIS*LINE*HAS*100000*CHARACTERS
THIS*IS*THE*END*OF*THE*100000*CHARACTER*LINE
