IN*THIS*DIRECTORY,*WE*HAVE*INCLUDED*SOME*EXAMPLE*INPUT*FILES*FOR*YOU*TO*USE*IN*TESTING*PROJ2.

NOTE*THAT*YOU*CAN*REDIRECT*STANDARD*INPUT*WITH*THE*<*REDIRECT;*FOR*EXAMPLE,*TO*REDIRECT*TO*ONE_MILLION_CHAR_LINE.TXT,*YOU*CAN*ENTER

PRODCOMM*<*ONE_MILLION_CHAR_LINE.TXT

YOU*CAN*FIND*THE*FOLLOWING*FLES*IN*THIS*DIRECTORY:

TEST1*-*A*BASIC*TESTFILE
TEST2*-*AN*EMPTY*FILE
TEST3.TXT*-*A*LARGE*FILE*WITH*LARGE*INPUT.
TEN_THOUSAND_CHAR_LINE.TXT*-*A*FILE*CONTAINING*A*10,000*CHAR*LINE
ONE_HUNDRED_THOUSAND_CHAR_LINE.TXT*-*A*FILE*CONTAINING*A*100,000*CHAR*LINE
ONE_MILLION_CHAR_LINE.TXT*-*A*FILE*CONTAINING*A*1,000,000*CHAR*LINE
NO_NEWLINE.TXT*-*A*FILE*THAT*HAS*A*STRING,*THEN*TERMINATES*WITHOUT*A*NEWLINE*CHARACTER.
