THIS*LINE*HAS*10000*CHARACTERS
THIS*IS*THE*END*OF*THE*10000*CHARACTER*LINE
